<?xml version="1.0" encoding="utf-8"?><checkstyle>
<file name="/build/mystyle.css"><error line="2" column="1" severity="warning" message="Rule doesn't have all its properties in alphabetical order." source="net.csslint.Alphabeticalorder"/><error line="9" column="1" severity="warning" message="Expected (&lt;font-weight&gt;) but found 'strong'." source="net.csslint.Requireuseofknownproperties"/></file>
</checkstyle>
